// Jest Snapshot v1, https://goo.gl/fbAQLP

exports[`<MonitorCallout /> spec Monitor callout renders component 1`] = `
<div
  class="euiCallOut euiCallOut--warning"
>
  <div
    class="euiCallOutHeader"
  >
    <svg
      aria-hidden="true"
      class="euiIcon euiIcon--medium euiCallOutHeader__icon"
      focusable="false"
      height="16"
      viewBox="0 0 16 16"
      width="16"
      xmlns="http://www.w3.org/2000/svg"
    >
      <path
        d="M8.378 1.496l6.695 10.984A1 1 0 0 1 14.22 14H1.667a1 1 0 0 1-.883-1.47L6.642 1.545a1 1 0 0 1 1.736-.05zm-.853.52L1.667 13h12.552L7.525 2.016zM7.14 10.06L6.9 5.18h1.3l-.25 4.878h-.81zm.394 1.901a.61.61 0 0 1-.448-.186.606.606 0 0 1-.186-.444c0-.174.062-.323.186-.446a.614.614 0 0 1 .448-.184c.169 0 .315.06.44.182.124.122.186.27.186.448a.6.6 0 0 1-.189.446.607.607 0 0 1-.437.184z"
        fill-rule="evenodd"
      />
    </svg>
    <span
      class="euiCallOutHeader__title"
    >
      The monitor associated with this detector will not receive any anomaly results
    </span>
  </div>
  <div
    class="euiText euiText--small"
  >
    <p>
      Once a detector is stopped, monitor
       
      <a
        class="euiLink euiLink--primary"
        href="/dnexZXEBemUf2kpaW2CK"
        rel="noopener noreferrer"
        target="_blank"
      >
        test-monitor
         
        <svg
          class="euiIcon euiIcon--small"
          focusable="false"
          height="16"
          viewBox="0 0 16 16"
          width="16"
          xmlns="http://www.w3.org/2000/svg"
        >
          <path
            d="M2 14.01h12.49a.5.5 0 1 1 0 1h-13a.5.5 0 0 1-.49-.597V1.5a.5.5 0 0 1 1 0v12.51zm2.354-1.656a.5.5 0 0 1-.708-.708l8-8a.5.5 0 0 1 .708.708l-8 8zM15 5.5a.5.5 0 1 1-1 0v-3a.5.5 0 0 0-.5-.5h-3a.5.5 0 1 1 0-1h3A1.5 1.5 0 0 1 15 2.5v3z"
            fill-rule="evenodd"
          />
        </svg>
      </a>
       
      associated with this detector will not receive any anomaly results to generate alerts.
    </p>
  </div>
</div>
`;
