// Jest Snapshot v1, https://goo.gl/fbAQLP

exports[`<DetectorDetail /> spec detector detail renders detector detail component 1`] = `
<div>
  <div
    class="euiFlexGroup euiFlexGroup--gutterLarge euiFlexGroup--directionColumn euiFlexGroup--responsive"
    style="background-color: rgb(255, 255, 255);"
  >
    <div
      class="euiFlexGroup euiFlexGroup--gutterLarge euiFlexGroup--justifyContentSpaceBetween euiFlexGroup--directionRow euiFlexGroup--responsive"
      style="padding: 10px;"
    >
      <div
        class="euiFlexItem euiFlexItem--flexGrowZero"
      >
        <h1
          class="euiTitle euiTitle--large"
        >
          bifadurzic
           
          <div
            class="euiHealth"
          >
            <div
              class="euiFlexGroup euiFlexGroup--gutterExtraSmall euiFlexGroup--alignItemsCenter euiFlexGroup--directionRow"
            >
              <div
                class="euiFlexItem euiFlexItem--flexGrowZero"
              >
                <svg
                  class="euiIcon euiIcon--medium euiIcon--success euiIcon-isLoading"
                  focusable="false"
                  height="16"
                  viewBox="0 0 16 16"
                  width="16"
                  xmlns="http://www.w3.org/2000/svg"
                />
              </div>
              <div
                class="euiFlexItem euiFlexItem--flexGrowZero"
              >
                Running since
                 
                04/13/20 5:13 pm
              </div>
            </div>
          </div>
        </h1>
      </div>
      <div
        class="euiFlexItem euiFlexItem--flexGrowZero"
      >
        <div
          class="euiFlexGroup euiFlexGroup--gutterLarge euiFlexGroup--alignItemsCenter euiFlexGroup--justifyContentSpaceBetween euiFlexGroup--directionRow euiFlexGroup--responsive"
        >
          <div
            class="euiFlexItem euiFlexItem--flexGrowZero"
          >
            <div
              class="euiPopover euiPopover--anchorDownLeft"
              id="actionsPopover"
            >
              <div
                class="euiPopover__anchor"
              >
                <button
                  class="euiButton euiButton--primary euiButton--iconRight"
                  data-test-subj="actionsButton"
                  type="button"
                >
                  <span
                    class="euiButton__content"
                  >
                    <svg
                      aria-hidden="true"
                      class="euiIcon euiIcon--medium euiIcon-isLoading euiButton__icon"
                      focusable="false"
                      height="16"
                      viewBox="0 0 16 16"
                      width="16"
                      xmlns="http://www.w3.org/2000/svg"
                    />
                    <span
                      class="euiButton__text"
                    >
                      Actions
                    </span>
                  </span>
                </button>
              </div>
            </div>
          </div>
          <div
            class="euiFlexItem euiFlexItem--flexGrowZero"
          >
            <button
              class="euiButton euiButton--primary"
              data-test-subj="stopDetectorButton"
              type="button"
            >
              <span
                class="euiButton__content"
              >
                <svg
                  aria-hidden="true"
                  class="euiIcon euiIcon--medium euiIcon-isLoading euiButton__icon"
                  focusable="false"
                  height="16"
                  viewBox="0 0 16 16"
                  width="16"
                  xmlns="http://www.w3.org/2000/svg"
                />
                <span
                  class="euiButton__text"
                >
                  Stop detector
                </span>
              </span>
            </button>
          </div>
        </div>
      </div>
    </div>
    <div
      class="euiFlexGroup euiFlexGroup--gutterLarge euiFlexGroup--directionRow euiFlexGroup--responsive"
    >
      <div
        class="euiFlexItem"
      >
        <div
          class="euiTabs"
          role="tablist"
        >
          <button
            aria-selected="true"
            class="euiTab euiTab-isSelected"
            role="tab"
            type="button"
          >
            <span
              class="euiTab__content"
            >
              Anomaly Results
            </span>
          </button>
          <button
            aria-selected="false"
            class="euiTab"
            role="tab"
            type="button"
          >
            <span
              class="euiTab__content"
            >
              Detector configuration
            </span>
          </button>
        </div>
      </div>
    </div>
  </div>
  <div
    class="euiPage"
    style="margin-top: 16px; padding-top: 0px;"
  >
    <div
      class="euiPageBody"
    >
      <div
        class="euiSpacer euiSpacer--l"
      />
    </div>
  </div>
</div>
`;
