// Jest Snapshot v1, https://goo.gl/fbAQLP

exports[`<CreateDetector /> spec create detector renders the component 1`] = `
<div
  class="euiPage"
>
  <div
    class="euiPageBody"
  >
    <div
      class="euiPageHeader euiPageHeader--responsive"
    >
      <div
        class="euiPageHeaderSection"
      >
        <h1
          class="euiTitle euiTitle--large"
        >
          Create detector
           
        </h1>
      </div>
    </div>
    <div
      class="euiPanel euiPanel--paddingMedium"
      style="padding: 20px;"
    >
      <div
        class="euiFlexGroup euiFlexGroup--gutterLarge euiFlexGroup--alignItemsCenter euiFlexGroup--justifyContentSpaceBetween euiFlexGroup--directionRow euiFlexGroup--responsive"
        style="padding: 0px;"
      >
        <div
          class="euiFlexItem"
        >
          <h3
            class="euiTitle euiTitle--small content-panel-title"
          >
            Name and description
          </h3>
          <div
            class="euiFlexGroup euiFlexGroup--gutterLarge euiFlexGroup--directionRow euiFlexGroup--responsive"
          >
            <div
              class="euiFlexItem"
            />
          </div>
        </div>
        <div
          class="euiFlexItem euiFlexItem--flexGrowZero"
        >
          <div
            class="euiFlexGroup euiFlexGroup--gutterLarge euiFlexGroup--alignItemsCenter euiFlexGroup--justifyContentSpaceBetween euiFlexGroup--directionRow euiFlexGroup--responsive"
          >
            <div
              class="euiFlexItem"
            />
          </div>
        </div>
      </div>
      <hr
        class="euiHorizontalRule euiHorizontalRule--full euiHorizontalRule--marginXSmall"
      />
      <div
        style="padding: 10px 0px;"
      >
        <div
          class="euiFormRow"
          hint="Specify a unique and descriptive name that is easy to recognize. Detector name must contain 1-64 characters.  Valid characters are a-z, A-Z, 0-9, -(hyphen) and _(underscore)"
          id="random_id-row"
          title="Name"
        >
          <div>
            <label
              aria-invalid="false"
              class="euiFormLabel"
              for="random_id"
            >
              <div
                style="line-height: 8px;"
              >
                <p>
                  Name
                </p>
                <br />
                <p
                  class="sublabel"
                >
                  Specify a unique and descriptive name that is easy to recognize. Detector name must contain 1-64 characters.  Valid characters are a-z, A-Z, 0-9, -(hyphen) and _(underscore)
                </p>
              </div>
            </label>
          </div>
          <div
            class="euiFormControlLayout"
          >
            <div
              class="euiFormControlLayout__childrenWrapper"
            >
              <input
                class="euiFieldText"
                id="random_id"
                name="detectorName"
                placeholder="Enter detector name"
                type="text"
                value=""
              />
            </div>
          </div>
        </div>
        <div
          class="euiFormRow"
          formattedtitle="[object Object]"
          hint="Describe the purpose of the detector."
          id="random_id-row"
        >
          <div>
            <label
              aria-invalid="false"
              class="euiFormLabel"
              for="random_id"
            >
              <div
                style="line-height: 8px;"
              >
                <p>
                  Description 
                  <span
                    class="optional"
                  >
                    - optional
                  </span>
                </p>
                <br />
                <p
                  class="sublabel"
                >
                  Describe the purpose of the detector.
                </p>
              </div>
            </label>
          </div>
          <textarea
            class="euiTextArea euiTextArea--resizeVertical"
            id="random_id"
            name="detectorDescription"
            placeholder="Describe the detector"
            rows="3"
          />
        </div>
      </div>
    </div>
    <div
      class="euiSpacer euiSpacer--l"
    />
    <div
      class="euiPanel euiPanel--paddingMedium"
      style="padding: 20px;"
    >
      <div
        class="euiFlexGroup euiFlexGroup--gutterLarge euiFlexGroup--alignItemsCenter euiFlexGroup--justifyContentSpaceBetween euiFlexGroup--directionRow euiFlexGroup--responsive"
        style="padding: 0px;"
      >
        <div
          class="euiFlexItem"
        >
          <h3
            class="euiTitle euiTitle--small content-panel-title"
          >
            Data Source
          </h3>
          <div
            class="euiFlexGroup euiFlexGroup--gutterLarge euiFlexGroup--directionRow euiFlexGroup--responsive"
          >
            <div
              class="euiFlexItem"
            />
          </div>
        </div>
        <div
          class="euiFlexItem euiFlexItem--flexGrowZero"
        >
          <div
            class="euiFlexGroup euiFlexGroup--gutterLarge euiFlexGroup--alignItemsCenter euiFlexGroup--justifyContentSpaceBetween euiFlexGroup--directionRow euiFlexGroup--responsive"
          >
            <div
              class="euiFlexItem"
            />
          </div>
        </div>
      </div>
      <hr
        class="euiHorizontalRule euiHorizontalRule--full euiHorizontalRule--marginXSmall"
      />
      <div
        style="padding: 10px 0px;"
      >
        <div
          class="euiFormRow"
          hint="Choose an index or index pattern as the data source."
          id="random_id-row"
          title="Index"
        >
          <div>
            <label
              aria-invalid="false"
              class="euiFormLabel"
              for="random_id"
            >
              <div
                style="line-height: 8px;"
              >
                <p>
                  Index
                </p>
                <br />
                <p
                  class="sublabel"
                >
                  Choose an index or index pattern as the data source.
                </p>
              </div>
            </label>
          </div>
          <div
            aria-describedby="random_id-help"
            aria-expanded="false"
            aria-haspopup="listbox"
            class="euiComboBox"
            role="combobox"
          >
            <div
              class="euiFormControlLayout"
            >
              <div
                class="euiFormControlLayout__childrenWrapper"
              >
                <div
                  class="euiComboBox__inputWrap euiComboBox__inputWrap--noWrap"
                  data-test-subj="comboBoxInput"
                  tabindex="-1"
                >
                  <p
                    class="euiComboBoxPlaceholder"
                  >
                    Find indices
                  </p>
                  <div
                    class="euiComboBox__input"
                    style="font-size: 14px; display: inline-block;"
                  >
                    <input
                      data-test-subj="comboBoxSearchInput"
                      id="random_id"
                      role="textbox"
                      style="box-sizing: content-box; width: 2px;"
                      value=""
                    />
                    <div
                      style="position: absolute; top: 0px; left: 0px; visibility: hidden; height: 0px; overflow: scroll; white-space: pre; font-family: -webkit-small-control; letter-spacing: normal; text-transform: none;"
                    />
                  </div>
                </div>
                <div
                  class="euiFormControlLayoutIcons euiFormControlLayoutIcons--right"
                >
                  <button
                    aria-label="Open list of options"
                    class="euiFormControlLayoutCustomIcon euiFormControlLayoutCustomIcon--clickable"
                    data-test-subj="comboBoxToggleListButton"
                    type="button"
                  >
                    <svg
                      aria-hidden="true"
                      class="euiIcon euiIcon--medium euiIcon-isLoading euiFormControlLayoutCustomIcon__icon"
                      focusable="false"
                      height="16"
                      viewBox="0 0 16 16"
                      width="16"
                      xmlns="http://www.w3.org/2000/svg"
                    />
                  </button>
                </div>
              </div>
            </div>
          </div>
          <div
            class="euiFormHelpText euiFormRow__text"
            id="random_id-help"
          >
            You can use a wildcard (*) in your index pattern
          </div>
        </div>
        <div
          class="euiFormRow"
          hint="Choose the time field you want to use for time filter."
          id="random_id-row"
          title="Timestamp field"
        >
          <div>
            <label
              aria-invalid="false"
              class="euiFormLabel"
              for="random_id"
            >
              <div
                style="line-height: 8px;"
              >
                <p>
                  Timestamp field
                </p>
                <br />
                <p
                  class="sublabel"
                >
                  Choose the time field you want to use for time filter.
                </p>
              </div>
            </label>
          </div>
          <div
            class="euiFormControlLayout"
          >
            <div
              class="euiFormControlLayout__childrenWrapper"
            >
              <select
                class="euiSelect"
                id="random_id"
                name="timeField"
                placeholder="Find timestamp"
              >
                <option
                  value=""
                />
              </select>
              <div
                class="euiFormControlLayoutIcons euiFormControlLayoutIcons--right"
              >
                <span
                  class="euiFormControlLayoutCustomIcon"
                >
                  <svg
                    aria-hidden="true"
                    class="euiIcon euiIcon--medium euiIcon-isLoading euiFormControlLayoutCustomIcon__icon"
                    focusable="false"
                    height="16"
                    viewBox="0 0 16 16"
                    width="16"
                    xmlns="http://www.w3.org/2000/svg"
                  />
                </span>
              </div>
            </div>
          </div>
        </div>
        <div
          class="euiFormRow euiFormRow--fullWidth"
          formattedtitle="[object Object]"
          hint="Choose a subset of your data source to focus your data stream and reduce noisy data.,Use the visual editor to create a simple filter, or use the Elasticsearch query DSL to create more advanced filters."
          id="random_id-row"
        >
          <div>
            <label
              aria-invalid="false"
              class="euiFormLabel"
              for="random_id"
            >
              <div
                style="line-height: 8px;"
              >
                <p>
                  Data fiter
                  <span
                    class="optional"
                  >
                    - optional
                  </span>
                </p>
                <br />
                <p
                  class="sublabel"
                >
                  Choose a subset of your data source to focus your data stream and reduce noisy data.
                </p>
                <p
                  class="sublabel"
                >
                  Use the visual editor to create a simple filter, or use the Elasticsearch query DSL to create more advanced filters.
                </p>
              </div>
            </label>
          </div>
          <div
            class="euiFormControlLayout"
          >
            <div
              class="euiFormControlLayout__childrenWrapper"
            >
              <select
                class="euiSelect"
                id="random_id"
                name="filterType"
              >
                <option
                  value="simple_filter"
                >
                  Visual editor
                </option>
                <option
                  value="custom_filter"
                >
                  Custom expression
                </option>
              </select>
              <div
                class="euiFormControlLayoutIcons euiFormControlLayoutIcons--right"
              >
                <span
                  class="euiFormControlLayoutCustomIcon"
                >
                  <svg
                    aria-hidden="true"
                    class="euiIcon euiIcon--medium euiIcon-isLoading euiFormControlLayoutCustomIcon__icon"
                    focusable="false"
                    height="16"
                    viewBox="0 0 16 16"
                    width="16"
                    xmlns="http://www.w3.org/2000/svg"
                  />
                </span>
              </div>
            </div>
          </div>
        </div>
        <hr
          class="euiHorizontalRule euiHorizontalRule--full"
        />
        <div
          class="euiFlexGroup euiFlexGroup--gutterLarge euiFlexGroup--alignItemsCenter euiFlexGroup--justifyContentFlexEnd euiFlexGroup--directionRow euiFlexGroup--responsive"
          style="padding: 10px;"
        >
          <div
            class="euiFlexItem euiFlexItem--flexGrowZero"
          >
            <button
              class="euiButton euiButton--primary"
              type="button"
            >
              <span
                class="euiButton__content"
              >
                <span
                  class="euiButton__text"
                >
                  Add filter
                </span>
              </span>
            </button>
          </div>
        </div>
        <hr
          class="euiHorizontalRule euiHorizontalRule--full"
        />
        <div
          class="euiPanel euiPanel--paddingMedium"
          style="background-color: rgb(246, 246, 246);"
        >
          <div
            class="no-data-filter-rectangle"
          >
            <div
              class="euiText euiText--medium"
            >
              <p
                class="no-data-filter-title"
              >
                No data filter
              </p>
            </div>
            <div
              class="euiSpacer euiSpacer--s"
            />
            <div
              class="euiText euiText--medium"
            >
              <p
                class="sublabel-center"
              >
                Use data filter to reduce noisy data
              </p>
            </div>
            <div
              class="euiSpacer euiSpacer--s"
            />
            <button
              class="euiButton euiButton--primary"
              type="button"
            >
              <span
                class="euiButton__content"
              >
                <span
                  class="euiButton__text"
                >
                  Add filter
                </span>
              </span>
            </button>
          </div>
        </div>
      </div>
    </div>
    <div
      class="euiSpacer euiSpacer--l"
    />
    <div
      class="euiPanel euiPanel--paddingMedium"
      style="padding: 20px;"
    >
      <div
        class="euiFlexGroup euiFlexGroup--gutterLarge euiFlexGroup--alignItemsCenter euiFlexGroup--justifyContentSpaceBetween euiFlexGroup--directionRow euiFlexGroup--responsive"
        style="padding: 0px;"
      >
        <div
          class="euiFlexItem"
        >
          <h3
            class="euiTitle euiTitle--small content-panel-title"
          >
            Detector operation settings
          </h3>
          <div
            class="euiFlexGroup euiFlexGroup--gutterLarge euiFlexGroup--directionRow euiFlexGroup--responsive"
          >
            <div
              class="euiFlexItem"
            />
          </div>
        </div>
        <div
          class="euiFlexItem euiFlexItem--flexGrowZero"
        >
          <div
            class="euiFlexGroup euiFlexGroup--gutterLarge euiFlexGroup--alignItemsCenter euiFlexGroup--justifyContentSpaceBetween euiFlexGroup--directionRow euiFlexGroup--responsive"
          >
            <div
              class="euiFlexItem"
            />
          </div>
        </div>
      </div>
      <hr
        class="euiHorizontalRule euiHorizontalRule--full euiHorizontalRule--marginXSmall"
      />
      <div
        style="padding: 10px 0px;"
      >
        <div
          class="euiFlexGroup euiFlexGroup--gutterLarge euiFlexGroup--directionRow euiFlexGroup--responsive"
        >
          <div
            class="euiFlexItem"
            style="max-width: 70%;"
          >
            <div
              class="euiFormRow euiFormRow--fullWidth"
              hint="Define how often the detector collects data to generate anomalies. The shorter the interval is, the more real time the detector results will be, and the more computing resources the detector will need. The detector interval, together with data ingestion speed, also determines the preparation time of the detector. Long intervals and slow ingestion speed means the detector takes longer time to collect sufficient data to generate anomalies."
              id="random_id-row"
              title="Detector interval"
            >
              <div>
                <label
                  aria-invalid="false"
                  class="euiFormLabel"
                  for="random_id"
                >
                  <div
                    style="line-height: 8px;"
                  >
                    <p>
                      Detector interval
                    </p>
                    <br />
                    <p
                      class="sublabel"
                    >
                      Define how often the detector collects data to generate anomalies. The shorter the interval is, the more real time the detector results will be, and the more computing resources the detector will need. The detector interval, together with data ingestion speed, also determines the preparation time of the detector. Long intervals and slow ingestion speed means the detector takes longer time to collect sufficient data to generate anomalies.
                    </p>
                  </div>
                </label>
              </div>
              <div
                class="euiFlexGroup euiFlexGroup--gutterSmall euiFlexGroup--alignItemsCenter euiFlexGroup--directionRow euiFlexGroup--responsive"
                id="random_id"
              >
                <div
                  class="euiFlexItem euiFlexItem--flexGrowZero"
                >
                  <div
                    class="euiFormControlLayout"
                  >
                    <div
                      class="euiFormControlLayout__childrenWrapper"
                    >
                      <input
                        class="euiFieldNumber"
                        data-test-subj="detectionInterval"
                        id="detectionInterval"
                        name="detectionInterval"
                        placeholder="Detector interval"
                        type="number"
                        value="10"
                      />
                    </div>
                  </div>
                </div>
                <div
                  class="euiFlexItem"
                >
                  <div
                    class="euiText euiText--medium"
                  >
                    <p
                      class="minutes"
                    >
                      minutes
                    </p>
                  </div>
                </div>
              </div>
            </div>
          </div>
        </div>
        <div
          class="euiFormRow euiFormRow--fullWidth"
          hint="Specify a window of delay for a detector to fetch data, if you need to account for extra processing time."
          id="random_id-row"
          style="margin-top: 16px;"
          title="Window delay"
        >
          <div>
            <label
              aria-invalid="false"
              class="euiFormLabel"
              for="random_id"
            >
              <div
                style="line-height: 8px;"
              >
                <p>
                  Window delay
                </p>
                <br />
                <p
                  class="sublabel"
                >
                  Specify a window of delay for a detector to fetch data, if you need to account for extra processing time.
                </p>
              </div>
            </label>
          </div>
          <div
            class="euiFlexGroup euiFlexGroup--gutterSmall euiFlexGroup--alignItemsCenter euiFlexGroup--directionRow euiFlexGroup--responsive"
            id="random_id"
          >
            <div
              class="euiFlexItem euiFlexItem--flexGrowZero"
            >
              <div
                class="euiFormControlLayout"
              >
                <div
                  class="euiFormControlLayout__childrenWrapper"
                >
                  <input
                    class="euiFieldNumber"
                    data-test-subj="windowDelay"
                    id="windowDelay"
                    name="windowDelay"
                    placeholder="Window delay"
                    type="number"
                    value="1"
                  />
                </div>
              </div>
            </div>
            <div
              class="euiFlexItem"
            >
              <div
                class="euiText euiText--medium"
              >
                <p
                  class="minutes"
                >
                  minutes
                </p>
              </div>
            </div>
          </div>
        </div>
      </div>
    </div>
    <div
      class="euiSpacer euiSpacer--l"
    />
    <div
      class="euiFlexGroup euiFlexGroup--gutterLarge euiFlexGroup--alignItemsCenter euiFlexGroup--justifyContentFlexEnd euiFlexGroup--directionRow euiFlexGroup--responsive"
    >
      <div
        class="euiFlexItem euiFlexItem--flexGrowZero"
      >
        <button
          class="euiButtonEmpty euiButtonEmpty--primary"
          type="button"
        >
          <span
            class="euiButtonEmpty__content"
          >
            <span
              class="euiButtonEmpty__text"
            >
              Cancel
            </span>
          </span>
        </button>
      </div>
      <div
        class="euiFlexItem euiFlexItem--flexGrowZero"
      >
        <button
          class="euiButton euiButton--primary euiButton--fill"
          type="submit"
        >
          <span
            class="euiButton__content"
          >
            <span
              class="euiButton__text"
            >
              Create
            </span>
          </span>
        </button>
      </div>
    </div>
  </div>
</div>
`;
