// Jest Snapshot v1, https://goo.gl/fbAQLP

exports[`<ListControls /> spec Empty results renders component with empty message 1`] = `
<div
  class="euiFlexGroup euiFlexGroup--gutterLarge euiFlexGroup--alignItemsCenter euiFlexGroup--justifyContentFlexEnd euiFlexGroup--directionRow euiFlexGroup--responsive"
  style="padding: 0px 5px;"
>
  <div
    class="euiFlexItem euiFlexItem--flexGrowZero"
  >
    <div
      class="euiPagination"
      data-test-subj="anomaliesPageControls"
      role="group"
    >
      <button
        aria-label="Previous page"
        class="euiButtonIcon euiButtonIcon--text"
        data-test-subj="pagination-button-previous"
        type="button"
      >
        <svg
          aria-hidden="true"
          class="euiIcon euiIcon--medium euiIcon-isLoading euiButtonIcon__icon"
          focusable="false"
          height="16"
          viewBox="0 0 16 16"
          width="16"
          xmlns="http://www.w3.org/2000/svg"
        />
      </button>
      <button
        aria-label="Page 1 of 5"
        class="euiButtonEmpty euiButtonEmpty--text euiButtonEmpty--xSmall euiPaginationButton euiPaginationButton--hideOnMobile"
        data-test-subj="pagination-button-0"
        type="button"
      >
        <span
          class="euiButtonEmpty__content"
        >
          <span
            class="euiButtonEmpty__text"
          >
            1
          </span>
        </span>
      </button>
      <button
        aria-label="Page 2 of 5"
        class="euiButtonEmpty euiButtonEmpty--text euiButtonEmpty--xSmall euiPaginationButton euiPaginationButton-isActive euiPaginationButton--hideOnMobile"
        data-test-subj="pagination-button-1"
        type="button"
      >
        <span
          class="euiButtonEmpty__content"
        >
          <span
            class="euiButtonEmpty__text"
          >
            2
          </span>
        </span>
      </button>
      <button
        aria-label="Page 3 of 5"
        class="euiButtonEmpty euiButtonEmpty--text euiButtonEmpty--xSmall euiPaginationButton euiPaginationButton--hideOnMobile"
        data-test-subj="pagination-button-2"
        type="button"
      >
        <span
          class="euiButtonEmpty__content"
        >
          <span
            class="euiButtonEmpty__text"
          >
            3
          </span>
        </span>
      </button>
      <button
        aria-label="Page 4 of 5"
        class="euiButtonEmpty euiButtonEmpty--text euiButtonEmpty--xSmall euiPaginationButton euiPaginationButton--hideOnMobile"
        data-test-subj="pagination-button-3"
        type="button"
      >
        <span
          class="euiButtonEmpty__content"
        >
          <span
            class="euiButtonEmpty__text"
          >
            4
          </span>
        </span>
      </button>
      <button
        aria-label="Page 5 of 5"
        class="euiButtonEmpty euiButtonEmpty--text euiButtonEmpty--xSmall euiPaginationButton euiPaginationButton--hideOnMobile"
        data-test-subj="pagination-button-4"
        type="button"
      >
        <span
          class="euiButtonEmpty__content"
        >
          <span
            class="euiButtonEmpty__text"
          >
            5
          </span>
        </span>
      </button>
      <button
        aria-hidden="true"
        class="euiButtonEmpty euiButtonEmpty--text euiButtonEmpty--xSmall euiPaginationButton euiPaginationButton-isPlaceholder euiPaginationButton--hideOnMobile"
        disabled=""
        type="button"
      >
        <span
          class="euiButtonEmpty__content"
        >
          <span
            class="euiButtonEmpty__text"
          >
            <span>
              â€¦
            </span>
          </span>
        </span>
      </button>
      <button
        aria-label="Jump to the last page, number 10"
        class="euiButtonEmpty euiButtonEmpty--text euiButtonEmpty--xSmall euiPaginationButton euiPaginationButton--hideOnMobile"
        type="button"
      >
        <span
          class="euiButtonEmpty__content"
        >
          <span
            class="euiButtonEmpty__text"
          >
            10
          </span>
        </span>
      </button>
      <button
        aria-label="Next page"
        class="euiButtonIcon euiButtonIcon--text"
        data-test-subj="pagination-button-next"
        type="button"
      >
        <svg
          aria-hidden="true"
          class="euiIcon euiIcon--medium euiIcon-isLoading euiButtonIcon__icon"
          focusable="false"
          height="16"
          viewBox="0 0 16 16"
          width="16"
          xmlns="http://www.w3.org/2000/svg"
        />
      </button>
    </div>
  </div>
</div>
`;
