// Jest Snapshot v1, https://goo.gl/fbAQLP

exports[`<EmptyDetector /> spec Empty results renders component with empty message 1`] = `
<div
  class="euiEmptyPrompt"
>
  <span
    class="euiTextColor euiTextColor--subdued"
  >
    <h2
      class="euiTitle euiTitle--medium"
    >
      You have no detectors
    </h2>
    <div
      class="euiSpacer euiSpacer--m"
    />
    <div
      class="euiText euiText--medium"
    >
      <p>
        Create detector first to detect anomalies in your data.
      </p>
      <p>
        Dashboard will generate insights on the anomalies across all of your detectors
      </p>
      <p>
        Read about
         
        <a
          class="euiLink euiLink--primary"
          href="https://opendistro.github.io/for-elasticsearch-docs/docs/ad/"
          rel="noopener noreferrer"
          target="_blank"
        >
          Get started with Anomaly detection Â 
          <svg
            class="euiIcon euiIcon--small euiIcon-isLoading"
            focusable="false"
            height="16"
            viewBox="0 0 16 16"
            width="16"
            xmlns="http://www.w3.org/2000/svg"
          />
        </a>
         
      </p>
    </div>
  </span>
  <div
    class="euiSpacer euiSpacer--l"
  />
  <div
    class="euiSpacer euiSpacer--s"
  />
  <a
    class="euiButton euiButton--primary euiButton--fill"
    data-test-subj="add_detector"
    href="opendistro-anomaly-detection#/create-ad/"
    rel="noreferrer"
  >
    <span
      class="euiButton__content"
    >
      <span
        class="euiButton__text"
      >
        Create detector
      </span>
    </span>
  </a>
</div>
`;
