// Jest Snapshot v1, https://goo.gl/fbAQLP

exports[`<ListControls /> spec Empty results renders component with empty message 1`] = `
<div
  class="euiFlexGroup euiFlexGroup--gutterSmall euiFlexGroup--directionRow euiFlexGroup--responsive"
>
  <div
    class="euiFlexItem euiFlexItem--flexGrowZero"
    style="width: 40%;"
  >
    <div
      class="euiFormControlLayout euiFormControlLayout--fullWidth"
    >
      <div
        class="euiFormControlLayout__childrenWrapper"
      >
        <input
          class="euiFieldSearch euiFieldSearch--fullWidth"
          data-test-subj="detectorListSearch"
          placeholder="Search"
          type="search"
          value=""
        />
        <div
          class="euiFormControlLayoutIcons"
        >
          <span
            class="euiFormControlLayoutCustomIcon"
          >
            <svg
              aria-hidden="true"
              class="euiIcon euiIcon--medium euiIcon-isLoading euiFormControlLayoutCustomIcon__icon"
              focusable="false"
              height="16"
              viewBox="0 0 16 16"
              width="16"
              xmlns="http://www.w3.org/2000/svg"
            />
          </span>
        </div>
      </div>
    </div>
  </div>
  <div
    class="euiFlexItem"
  >
    <div
      aria-expanded="false"
      aria-haspopup="listbox"
      class="euiComboBox euiComboBox--fullWidth"
      role="combobox"
    >
      <div
        class="euiFormControlLayout euiFormControlLayout--fullWidth"
      >
        <div
          class="euiFormControlLayout__childrenWrapper"
        >
          <div
            class="euiComboBox__inputWrap euiComboBox__inputWrap--fullWidth euiComboBox__inputWrap-isClearable"
            data-test-subj="comboBoxInput"
            tabindex="-1"
          >
            <p
              class="euiComboBoxPlaceholder"
            >
              All detector states
            </p>
            <div
              class="euiComboBox__input"
              style="font-size: 14px; display: inline-block;"
            >
              <input
                data-test-subj="comboBoxSearchInput"
                id="selectedDetectorStates"
                role="textbox"
                style="box-sizing: content-box; width: 2px;"
                value=""
              />
              <div
                style="position: absolute; top: 0px; left: 0px; visibility: hidden; height: 0px; overflow: scroll; white-space: pre; font-family: -webkit-small-control; letter-spacing: normal; text-transform: none;"
              />
            </div>
          </div>
          <div
            class="euiFormControlLayoutIcons euiFormControlLayoutIcons--right"
          >
            <button
              aria-label="Open list of options"
              class="euiFormControlLayoutCustomIcon euiFormControlLayoutCustomIcon--clickable"
              data-test-subj="comboBoxToggleListButton"
              type="button"
            >
              <svg
                aria-hidden="true"
                class="euiIcon euiIcon--medium euiIcon-isLoading euiFormControlLayoutCustomIcon__icon"
                focusable="false"
                height="16"
                viewBox="0 0 16 16"
                width="16"
                xmlns="http://www.w3.org/2000/svg"
              />
            </button>
          </div>
        </div>
      </div>
    </div>
  </div>
  <div
    class="euiFlexItem"
  >
    <div
      aria-expanded="false"
      aria-haspopup="listbox"
      class="euiComboBox euiComboBox--fullWidth"
      role="combobox"
    >
      <div
        class="euiFormControlLayout euiFormControlLayout--fullWidth"
      >
        <div
          class="euiFormControlLayout__childrenWrapper"
        >
          <div
            class="euiComboBox__inputWrap euiComboBox__inputWrap--fullWidth euiComboBox__inputWrap-isClearable"
            data-test-subj="comboBoxInput"
            tabindex="-1"
          >
            <p
              class="euiComboBoxPlaceholder"
            >
              All indices
            </p>
            <div
              class="euiComboBox__input"
              style="font-size: 14px; display: inline-block;"
            >
              <input
                data-test-subj="comboBoxSearchInput"
                id="selectedIndices"
                role="textbox"
                style="box-sizing: content-box; width: 2px;"
                value=""
              />
              <div
                style="position: absolute; top: 0px; left: 0px; visibility: hidden; height: 0px; overflow: scroll; white-space: pre; font-family: -webkit-small-control; letter-spacing: normal; text-transform: none;"
              />
            </div>
          </div>
          <div
            class="euiFormControlLayoutIcons euiFormControlLayoutIcons--right"
          >
            <button
              aria-label="Open list of options"
              class="euiFormControlLayoutCustomIcon euiFormControlLayoutCustomIcon--clickable"
              data-test-subj="comboBoxToggleListButton"
              type="button"
            >
              <svg
                aria-hidden="true"
                class="euiIcon euiIcon--medium euiIcon-isLoading euiFormControlLayoutCustomIcon__icon"
                focusable="false"
                height="16"
                viewBox="0 0 16 16"
                width="16"
                xmlns="http://www.w3.org/2000/svg"
              />
            </button>
          </div>
        </div>
      </div>
    </div>
  </div>
  <div
    class="euiFlexItem euiFlexItem--flexGrowZero"
  >
    <div
      class="euiPagination"
      data-test-subj="detectorPageControls"
      role="group"
    >
      <button
        aria-label="Previous page"
        class="euiButtonIcon euiButtonIcon--text"
        data-test-subj="pagination-button-previous"
        type="button"
      >
        <svg
          aria-hidden="true"
          class="euiIcon euiIcon--medium euiIcon-isLoading euiButtonIcon__icon"
          focusable="false"
          height="16"
          viewBox="0 0 16 16"
          width="16"
          xmlns="http://www.w3.org/2000/svg"
        />
      </button>
      <button
        aria-label="Page 1 of 5"
        class="euiButtonEmpty euiButtonEmpty--text euiButtonEmpty--xSmall euiPaginationButton euiPaginationButton--hideOnMobile"
        data-test-subj="pagination-button-0"
        type="button"
      >
        <span
          class="euiButtonEmpty__content"
        >
          <span
            class="euiButtonEmpty__text"
          >
            1
          </span>
        </span>
      </button>
      <button
        aria-label="Page 2 of 5"
        class="euiButtonEmpty euiButtonEmpty--text euiButtonEmpty--xSmall euiPaginationButton euiPaginationButton-isActive euiPaginationButton--hideOnMobile"
        data-test-subj="pagination-button-1"
        type="button"
      >
        <span
          class="euiButtonEmpty__content"
        >
          <span
            class="euiButtonEmpty__text"
          >
            2
          </span>
        </span>
      </button>
      <button
        aria-label="Page 3 of 5"
        class="euiButtonEmpty euiButtonEmpty--text euiButtonEmpty--xSmall euiPaginationButton euiPaginationButton--hideOnMobile"
        data-test-subj="pagination-button-2"
        type="button"
      >
        <span
          class="euiButtonEmpty__content"
        >
          <span
            class="euiButtonEmpty__text"
          >
            3
          </span>
        </span>
      </button>
      <button
        aria-label="Page 4 of 5"
        class="euiButtonEmpty euiButtonEmpty--text euiButtonEmpty--xSmall euiPaginationButton euiPaginationButton--hideOnMobile"
        data-test-subj="pagination-button-3"
        type="button"
      >
        <span
          class="euiButtonEmpty__content"
        >
          <span
            class="euiButtonEmpty__text"
          >
            4
          </span>
        </span>
      </button>
      <button
        aria-label="Page 5 of 5"
        class="euiButtonEmpty euiButtonEmpty--text euiButtonEmpty--xSmall euiPaginationButton euiPaginationButton--hideOnMobile"
        data-test-subj="pagination-button-4"
        type="button"
      >
        <span
          class="euiButtonEmpty__content"
        >
          <span
            class="euiButtonEmpty__text"
          >
            5
          </span>
        </span>
      </button>
      <button
        aria-hidden="true"
        class="euiButtonEmpty euiButtonEmpty--text euiButtonEmpty--xSmall euiPaginationButton euiPaginationButton-isPlaceholder euiPaginationButton--hideOnMobile"
        disabled=""
        type="button"
      >
        <span
          class="euiButtonEmpty__content"
        >
          <span
            class="euiButtonEmpty__text"
          >
            <span>
              â€¦
            </span>
          </span>
        </span>
      </button>
      <button
        aria-label="Jump to the last page, number 10"
        class="euiButtonEmpty euiButtonEmpty--text euiButtonEmpty--xSmall euiPaginationButton euiPaginationButton--hideOnMobile"
        type="button"
      >
        <span
          class="euiButtonEmpty__content"
        >
          <span
            class="euiButtonEmpty__text"
          >
            10
          </span>
        </span>
      </button>
      <button
        aria-label="Next page"
        class="euiButtonIcon euiButtonIcon--text"
        data-test-subj="pagination-button-next"
        type="button"
      >
        <svg
          aria-hidden="true"
          class="euiIcon euiIcon--medium euiIcon-isLoading euiButtonIcon__icon"
          focusable="false"
          height="16"
          viewBox="0 0 16 16"
          width="16"
          xmlns="http://www.w3.org/2000/svg"
        />
      </button>
    </div>
  </div>
</div>
`;
