// Jest Snapshot v1, https://goo.gl/fbAQLP

exports[`<Anomalies /> spec renders the component 1`] = `
<div
  class="euiFlexGroup euiFlexGroup--gutterLarge euiFlexGroup--alignItemsFlexEnd euiFlexGroup--directionRow euiFlexGroup--responsive"
>
  <div
    class="euiFlexItem"
  >
    <h4
      class="euiTitle euiTitle--small preview-title"
    >
      Detector output
    </h4>
  </div>
  <div
    class="euiFlexItem"
  >
    <div
      class="euiFlexGroup euiFlexGroup--gutterLarge euiFlexGroup--alignItemsCenter euiFlexGroup--justifyContentFlexEnd euiFlexGroup--directionRow euiFlexGroup--responsive"
    >
      <div
        class="euiFlexItem euiFlexItem--flexGrowZero"
      >
        <div
          class="euiDatePickerRange euiDatePickerRange--fullWidth"
        >
          <span
            class="euiDatePickerRange__icon"
          >
            <svg
              class="euiIcon euiIcon--medium euiIcon-isLoading"
              focusable="false"
              height="16"
              viewBox="0 0 16 16"
              width="16"
              xmlns="http://www.w3.org/2000/svg"
            />
          </span>
          <span>
            <span
              class="euiDatePicker euiDatePicker--shadow"
            >
              <div
                class="euiFormControlLayout euiFormControlLayout--fullWidth"
              >
                <div
                  class="euiFormControlLayout__childrenWrapper"
                >
                  <div
                    class="react-datepicker-wrapper"
                  >
                    <div
                      class="react-datepicker__input-container"
                    >
                      <input
                        aria-label="10/10/2019 09:00 AM"
                        class="euiDatePicker euiFieldText euiFieldText--fullWidth"
                        type="text"
                        value="10/10/2019 09:00 AM"
                      />
                    </div>
                  </div>
                </div>
              </div>
            </span>
          </span>
          <div
            class="euiText euiText--small euiDatePickerRange__delimeter"
          >
            <div
              class="euiTextColor euiTextColor--subdued"
            >
              â†’
            </div>
          </div>
          <span>
            <span
              class="euiDatePicker euiDatePicker--shadow"
            >
              <div
                class="euiFormControlLayout euiFormControlLayout--fullWidth"
              >
                <div
                  class="euiFormControlLayout__childrenWrapper"
                >
                  <div
                    class="react-datepicker-wrapper"
                  >
                    <div
                      class="react-datepicker__input-container"
                    >
                      <input
                        aria-label="10/12/2019 09:00 AM"
                        class="euiDatePicker euiFieldText euiFieldText--fullWidth"
                        type="text"
                        value="10/12/2019 09:00 AM"
                      />
                    </div>
                  </div>
                </div>
              </div>
            </span>
          </span>
        </div>
      </div>
    </div>
  </div>
</div>
`;
