// Jest Snapshot v1, https://goo.gl/fbAQLP

exports[`<DetectorInfo /> spec renders the component 1`] = `
<div>
  <div
    class="euiPanel euiPanel--paddingMedium"
    style="padding: 20px;"
  >
    <div
      class="euiFlexGroup euiFlexGroup--gutterLarge euiFlexGroup--alignItemsCenter euiFlexGroup--justifyContentSpaceBetween euiFlexGroup--directionRow euiFlexGroup--responsive"
      style="padding: 0px;"
    >
      <div
        class="euiFlexItem"
      >
        <h3
          class="euiTitle euiTitle--small"
        >
          Name and description
        </h3>
        <div
          class="euiFlexGroup euiFlexGroup--gutterLarge euiFlexGroup--directionRow euiFlexGroup--responsive"
        >
          <div
            class="euiFlexItem"
          />
        </div>
      </div>
      <div
        class="euiFlexItem euiFlexItem--flexGrowZero"
      >
        <div
          class="euiFlexGroup euiFlexGroup--gutterLarge euiFlexGroup--alignItemsCenter euiFlexGroup--justifyContentSpaceBetween euiFlexGroup--directionRow euiFlexGroup--responsive"
        >
          <div
            class="euiFlexItem"
          />
        </div>
      </div>
    </div>
    <hr
      class="euiHorizontalRule euiHorizontalRule--full euiHorizontalRule--marginXSmall"
    />
    <div
      style="padding: 10px 0px;"
    >
      <div
        class="euiFormRow"
        hint="Specify a unique and descriptive name that is easy to recognize. Detector name must contain 1-64 characters.  Valid characters are a-z, A-Z, 0-9, -(hyphen) and _(underscore)"
        id="random_id-row"
        title="Name"
      >
        <div>
          <label
            aria-invalid="false"
            class="euiFormLabel"
            for="random_id"
          >
            <div
              style="line-height: 8px;"
            >
              <p>
                Name
              </p>
              <br />
              <p
                class="sublabel"
              >
                Specify a unique and descriptive name that is easy to recognize. Detector name must contain 1-64 characters.  Valid characters are a-z, A-Z, 0-9, -(hyphen) and _(underscore)
              </p>
            </div>
          </label>
        </div>
        <div
          class="euiFormControlLayout"
        >
          <div
            class="euiFormControlLayout__childrenWrapper"
          >
            <input
              class="euiFieldText"
              id="random_id"
              name="detectorName"
              placeholder="Enter detector name"
              type="text"
              value=""
            />
          </div>
        </div>
      </div>
      <div
        class="euiFormRow"
        formattedtitle="[object Object]"
        hint="Describe the purpose of the detector."
        id="random_id-row"
      >
        <div>
          <label
            aria-invalid="false"
            class="euiFormLabel"
            for="random_id"
          >
            <div
              style="line-height: 8px;"
            >
              <p>
                Description 
                <span
                  class="optional"
                >
                  - optional
                </span>
              </p>
              <br />
              <p
                class="sublabel"
              >
                Describe the purpose of the detector.
              </p>
            </div>
          </label>
        </div>
        <textarea
          class="euiTextArea euiTextArea--resizeVertical"
          id="random_id"
          name="detectorDescription"
          placeholder="Describe the detector"
          rows="3"
        />
      </div>
    </div>
  </div>
</div>
`;
