// Jest Snapshot v1, https://goo.gl/fbAQLP

exports[`<SaveFeaturesConfirmModal /> spec renders the component with ready to start job 1`] = `
<div
  data-focus-guard="true"
  style="width: 1px; height: 0px; padding: 0px; overflow: hidden; position: fixed; top: 1px; left: 1px;"
  tabindex="0"
/>
`;
