// Jest Snapshot v1, https://goo.gl/fbAQLP

exports[`<AggregationSelector /> spec Empty results renders component with aggregation types and defaults to empty 1`] = `
<div>
  <div
    class="euiFormRow"
    id="random_id-row"
  >
    <div>
      <label
        aria-invalid="false"
        class="euiFormLabel"
        for="random_id"
      >
        Field
      </label>
    </div>
    <div
      aria-expanded="false"
      aria-haspopup="listbox"
      class="euiComboBox"
      name="featureList.undefined.aggregationOf"
      role="combobox"
    >
      <div
        class="euiFormControlLayout"
      >
        <div
          class="euiFormControlLayout__childrenWrapper"
        >
          <div
            class="euiComboBox__inputWrap euiComboBox__inputWrap--noWrap euiComboBox__inputWrap-isClearable"
            data-test-subj="comboBoxInput"
            tabindex="-1"
          >
            <div
              class="euiComboBox__input"
              style="font-size: 14px; display: inline-block;"
            >
              <input
                data-test-subj="comboBoxSearchInput"
                id="random_id"
                role="textbox"
                style="box-sizing: content-box; width: 2px;"
                value=""
              />
              <div
                style="position: absolute; top: 0px; left: 0px; visibility: hidden; height: 0px; overflow: scroll; white-space: pre; font-family: -webkit-small-control; letter-spacing: normal; text-transform: none;"
              />
            </div>
          </div>
          <div
            class="euiFormControlLayoutIcons euiFormControlLayoutIcons--right"
          >
            <button
              aria-label="Open list of options"
              class="euiFormControlLayoutCustomIcon euiFormControlLayoutCustomIcon--clickable"
              data-test-subj="comboBoxToggleListButton"
              type="button"
            >
              <svg
                aria-hidden="true"
                class="euiIcon euiIcon--medium euiIcon-isLoading euiFormControlLayoutCustomIcon__icon"
                focusable="false"
                height="16"
                viewBox="0 0 16 16"
                width="16"
                xmlns="http://www.w3.org/2000/svg"
              />
            </button>
          </div>
        </div>
      </div>
    </div>
  </div>
  <div
    class="euiFormRow"
    id="random_id-row"
  >
    <div>
      <label
        aria-invalid="false"
        class="euiFormLabel"
        for="random_id"
      >
        Aggregation method
      </label>
    </div>
    <div
      class="euiFormControlLayout"
    >
      <div
        class="euiFormControlLayout__childrenWrapper"
      >
        <select
          aria-describedby="random_id-help"
          class="euiSelect"
          data-test-subj="aggregationType"
          id="random_id"
          name="featureList.undefined.aggregationBy"
        >
          <option
            selected=""
          />
          <option
            value="avg"
          >
            average()
          </option>
          <option
            value="sum"
          >
            sum()
          </option>
          <option
            value="min"
          >
            min()
          </option>
          <option
            value="max"
          >
            max()
          </option>
        </select>
        <div
          class="euiFormControlLayoutIcons euiFormControlLayoutIcons--right"
        >
          <span
            class="euiFormControlLayoutCustomIcon"
          >
            <svg
              aria-hidden="true"
              class="euiIcon euiIcon--medium euiIcon-isLoading euiFormControlLayoutCustomIcon__icon"
              focusable="false"
              height="16"
              viewBox="0 0 16 16"
              width="16"
              xmlns="http://www.w3.org/2000/svg"
            />
          </span>
        </div>
      </div>
    </div>
    <div
      class="euiFormHelpText euiFormRow__text"
      id="random_id-help"
    >
      The aggregation method determins what constitutes an anomaly. For example, if you choose min(), the detector focuses on finding anomalies based on the minimum values of your feature.
    </div>
  </div>
</div>
`;
